// Jest Snapshot v1, https://goo.gl/fbAQLP

exports[`renders correctly 1`] = `
<div>
  <h1>
    Welcome to dxw's React template!
  </h1>
  <style>
    
        body {
          font-family: "Lucida Sans", "Lucida Sans Regular", "Lucida Grande",
            "Lucida Sans Unicode", Geneva, Verdana, sans-serif;
        }
      
  </style>
</div>
`;
